Listing 'backend'...
Listing 'backend\\.pytest_cache'...
Listing 'backend\\.pytest_cache\\v'...
Listing 'backend\\.pytest_cache\\v\\cache'...
Listing 'backend\\app'...
Listing 'backend\\app\\api'...
Listing 'backend\\app\\api\\routes'...
Listing 'backend\\app\\core'...
Listing 'backend\\app\\models'...
Listing 'backend\\app\\schemas'...
Listing 'backend\\app\\services'...
Listing 'backend\\app\\services\\complex'...
Listing 'backend\\app\\services\\evaluators'...
Listing 'backend\\app\\services\\policies'...
Listing 'backend\\app\\services\\providers'...
Listing 'backend\\app\\utils'...
Listing 'backend\\data'...
Listing 'backend\\data\\rl'...
Listing 'backend\\tests'...
Compiling 'backend\\tests\\conftest.py'...
Compiling 'backend\\tests\\test_cost_accounting_and_rl_invariants.py'...
Compiling 'backend\\tests\\test_experience_buffer.py'...
Compiling 'backend\\tests\\test_provider_failover.py'...
Compiling 'backend\\tests\\test_rl_production_migration.py'...
